// Jest Snapshot v1, https://goo.gl/fbAQLP

exports[`getPatterns 1`] = `
Array [
  /\\^foo\\$/,
]
`;
